<html>
<body>
<pre>
<h1>µVision Build Log</h1>
<h2>Tool Versions:</h2>
IDE-Version: µVision V5.39.0.0
Copyright (C) 2023 ARM Ltd and ARM Germany GmbH. All rights reserved.
License Information: Seif Ahmed , NTI, LIC=----
 
Tool Versions:
Toolchain:       MDK-Lite  Version: 5.39.0.0
Toolchain Path:  C:\Keil_v5\ARM\ARMCLANG\Bin
C Compiler:      ArmClang.exe V6.21
Assembler:       Armasm.exe V6.21
Linker/Locator:  ArmLink.exe V6.21
Library Manager: ArmAr.exe V6.21
Hex Converter:   FromElf.exe V6.21
CPU DLL:         SARMCM3.DLL V5.39.0.0
Dialog DLL:      DCM.DLL V1.17.5.0
Target DLL:      lmidk-agdi.dll V???
Dialog DLL:      TCM.DLL V1.56.4.0
 
<h2>Project:</h2>
D:\Study\Embedded\NTI\My-Github\TM4C123GH6PM-Drivers\SimpleSchedularOS_TM4C123GH6PM\SimpleSchedularOS_TM4C123GH6PM.uvprojx
Project File Date:  03/30/2024

<h2>Output:</h2>
*** Using Compiler 'V6.21', folder: 'C:\Keil_v5\ARM\ARMCLANG\Bin'
Rebuild target 'Target 1'
../../../ARM/3- Video/2-  Systick/CODE/COTS/APP/main.c(14): warning: no previous extern declaration for non-static variable 'g_state' [-Wmissing-variable-declarations]
   14 | StateMachine g_state = STATE1;
      |              ^
../../../ARM/3- Video/2-  Systick/CODE/COTS/APP/main.c(14): note: declare 'static' if the variable is not intended to be used outside of this translation unit
   14 | StateMachine g_state = STATE1;
      | ^
../../../ARM/3- Video/2-  Systick/CODE/COTS/APP/main.c(33): warning: no previous extern declaration for non-static variable 'Task1' [-Wmissing-variable-declarations]
   33 | Task_Aspect Task1 = {1, PERIODICITY(1), Task1_Each1Sec};
      |             ^
../../../ARM/3- Video/2-  Systick/CODE/COTS/APP/main.c(33): note: declare 'static' if the variable is not intended to be used outside of this translation unit
   33 | Task_Aspect Task1 = {1, PERIODICITY(1), Task1_Each1Sec};
      | ^
../../../ARM/3- Video/2-  Systick/CODE/COTS/APP/main.c(29): warning: padding struct 'Task_Aspect' with 2 bytes to align 'ptr' [-Wpadded]
   29 |         void (*ptr)(void);  
      |                ^
../../../ARM/3- Video/2-  Systick/CODE/COTS/APP/main.c(34): warning: no previous extern declaration for non-static variable 'Task2' [-Wmissing-variable-declarations]
   34 | Task_Aspect Task2 = {2, PERIODICITY(0.5), Task2_Each500mSec};
      |             ^
../../../ARM/3- Video/2-  Systick/CODE/COTS/APP/main.c(34): note: declare 'static' if the variable is not intended to be used outside of this translation unit
   34 | Task_Aspect Task2 = {2, PERIODICITY(0.5), Task2_Each500mSec};
      | ^
../../../ARM/3- Video/2-  Systick/CODE/COTS/APP/main.c(35): warning: no previous extern declaration for non-static variable 'Task3' [-Wmissing-variable-declarations]
   35 | Task_Aspect Task3 = {3, PERIODICITY(3), Task3_Each3Sec}; 
      |             ^
../../../ARM/3- Video/2-  Systick/CODE/COTS/APP/main.c(35): note: declare 'static' if the variable is not intended to be used outside of this translation unit
   35 | Task_Aspect Task3 = {3, PERIODICITY(3), Task3_Each3Sec}; 
      | ^
../../../ARM/3- Video/2-  Systick/CODE/COTS/APP/main.c(36): warning: a function declaration without a prototype is deprecated in all versions of C [-Wstrict-prototypes]
   36 | int main()
      |         ^
      |          void
../../../ARM/3- Video/2-  Systick/CODE/COTS/APP/main.c(65): warning: implicit conversion from enumeration type 'Port_PinType' to different enumeration type 'Dio_pinType' [-Wenum-conversion]
   65 |                 Dio_TogPin(RED_LED);
      |                 ~~~~~~~~~~ ^~~~~~~
../../../ARM/3- Video/2-  Systick/CODE/COTS/APP/main.c(7): note: expanded from macro 'RED_LED'
    7 | #define RED_LED PORT_PF1 
      |                 ^~~~~~~~
../../../ARM/3- Video/2-  Systick/CODE/COTS/APP/main.c(69): warning: implicit conversion from enumeration type 'Port_PinType' to different enumeration type 'Dio_pinType' [-Wenum-conversion]
   69 |         if (Dio_ReadPin(PUSH_BUTTON1) == 0){
      |             ~~~~~~~~~~~ ^~~~~~~~~~~~
../../../ARM/3- Video/2-  Systick/CODE/COTS/APP/main.c(10): note: expanded from macro 'PUSH_BUTTON1'
   10 | #define PUSH_BUTTON1 PORT_PF4 
      |                      ^~~~~~~~
../../../ARM/3- Video/2-  Systick/CODE/COTS/APP/main.c(70): warning: implicit conversion from enumeration type 'Port_PinType' to different enumeration type 'Dio_pinType' [-Wenum-conversion]
   70 |                         Dio_TogPin(BLUE_LED);
      |                         ~~~~~~~~~~ ^~~~~~~~
../../../ARM/3- Video/2-  Systick/CODE/COTS/APP/main.c(8): note: expanded from macro 'BLUE_LED'
    8 | #define BLUE_LED PORT_PF2
      |                  ^~~~~~~~
../../../ARM/3- Video/2-  Systick/CODE/COTS/APP/main.c(75): warning: implicit conversion from enumeration type 'Port_PinType' to different enumeration type 'Dio_pinType' [-Wenum-conversion]
   75 |         Dio_TogPin(GREEN_LED);
      |         ~~~~~~~~~~ ^~~~~~~~~
../../../ARM/3- Video/2-  Systick/CODE/COTS/APP/main.c(9): note: expanded from macro 'GREEN_LED'
    9 | #define GREEN_LED PORT_PF3 
      |                   ^~~~~~~~
../../../ARM/3- Video/2-  Systick/CODE/COTS/APP/main.c(76): warning: no newline at end of file [-Wnewline-eof]
   76 | }
      |  ^
11 warnings generated.
compiling main.c...
../../../ARM/3- Video/2-  Systick/CODE/COTS/MCAL/DIO/Dio_prg.c(68): warning: implicit conversion loses integer precision: 'u32' (aka 'unsigned long') to 'u8' (aka 'unsigned char') [-Wimplicit-int-conversion]
   68 |                 state = GPIO_PORTA_BASE_ADDRESS->GPIODATA_REG & (1<< pin);
      |                       ~ ~~~~~~~~~~~~~~~~~~~~~~~~~~~~~~~~~~~~~~^~~~~~~~~~~
../../../ARM/3- Video/2-  Systick/CODE/COTS/MCAL/DIO/Dio_prg.c(71): warning: implicit conversion loses integer precision: 'u32' (aka 'unsigned long') to 'u8' (aka 'unsigned char') [-Wimplicit-int-conversion]
   71 |                 state = GPIO_PORTB_BASE_ADDRESS->GPIODATA_REG   & (1<< pin); 
      |                       ~ ~~~~~~~~~~~~~~~~~~~~~~~~~~~~~~~~~~~~~~~~^~~~~~~~~~~
../../../ARM/3- Video/2-  Systick/CODE/COTS/MCAL/DIO/Dio_prg.c(74): warning: implicit conversion loses integer precision: 'u32' (aka 'unsigned long') to 'u8' (aka 'unsigned char') [-Wimplicit-int-conversion]
   74 |                 state= GPIO_PORTC_BASE_ADDRESS->GPIODATA_REG & (1<< pin);
      |                      ~ ~~~~~~~~~~~~~~~~~~~~~~~~~~~~~~~~~~~~~~^~~~~~~~~~~
../../../ARM/3- Video/2-  Systick/CODE/COTS/MCAL/DIO/Dio_prg.c(77): warning: implicit conversion loses integer precision: 'u32' (aka 'unsigned long') to 'u8' (aka 'unsigned char') [-Wimplicit-int-conversion]
   77 |                 state = GPIO_PORTD_BASE_ADDRESS->GPIODATA_REG & (1<< pin);
      |                       ~ ~~~~~~~~~~~~~~~~~~~~~~~~~~~~~~~~~~~~~~^~~~~~~~~~~
../../../ARM/3- Video/2-  Systick/CODE/COTS/MCAL/DIO/Dio_prg.c(86): warning: variable 'state' may be uninitialized when used here [-Wconditional-uninitialized]
   86 |         Local_levelType = (state>>pin) & 0x01;
      |                            ^~~~~
../../../ARM/3- Video/2-  Systick/CODE/COTS/MCAL/DIO/Dio_prg.c(63): note: initialize the variable 'state' to silence this warning
   63 |         u8 state;
      |                 ^
      |                  = '\0'
5 warnings generated.
compiling Dio_prg.c...
../../../ARM/3- Video/2-  Systick/CODE/COTS/MCAL/IntCtrl/IntCtrl_prg.c(17): warning: In file included from...
./COTS/MCAL/IntCtrl/Inc\IntCtrl_int.h(17): warning: In file included from...
./COTS/MCAL/IntCtrl/Inc/IntCtrl_types.h(15): warning: non-portable path to file '"Std_Types.h"'; specified path differs in case from file name on disk [-Wnonportable-include-path]
   15 | #include "std_types.h"
      |          ^~~~~~~~~~~~~
      |          "Std_Types.h"
../../../ARM/3- Video/2-  Systick/CODE/COTS/MCAL/IntCtrl/IntCtrl_prg.c(64): warning: implicit conversion loses integer precision: 'int' to 'u8' (aka 'unsigned char') [-Wimplicit-int-conversion]
   64 |         u8 Local_u8IntPriority = ((copy_u8IntPriority &0x07)<< 5);
      |            ~~~~~~~~~~~~~~~~~~~    ~~~~~~~~~~~~~~~~~~~~~~~~~~^~~~
../../../ARM/3- Video/2-  Systick/CODE/COTS/MCAL/IntCtrl/IntCtrl_prg.c(70): warning: 71 enumeration values not explicitly handled in switch: 'GPIO_Port_A_IRQ', 'GPIO_Port_B_IRQ', 'GPIO_Port_C_IRQ'... [-Wswitch-enum]
   70 |                 switch(copy_IntNum)
      |                        ^~~~~~~~~~~
../../../ARM/3- Video/2-  Systick/CODE/COTS/MCAL/IntCtrl/IntCtrl_prg.c(106): warning: 71 enumeration values not explicitly handled in switch: 'GPIO_Port_A_IRQ', 'GPIO_Port_B_IRQ', 'GPIO_Port_C_IRQ'... [-Wswitch-enum]
  106 |                 switch(copy_IntNum)
      |                        ^~~~~~~~~~~
../../../ARM/3- Video/2-  Systick/CODE/COTS/MCAL/IntCtrl/IntCtrl_prg.c(157): warning: implicit conversion changes signedness: 'int' to 'u32' (aka 'unsigned long') [-Wsign-conversion]
  157 |                            CLR_BIT ( SYSHNDCTRL_REG ,18);
      |                            ^~~~~~~~~~~~~~~~~~~~~~~~~~~~~
./COTS/LIB\BitMath.h(12): note: expanded from macro 'CLR_BIT'
   12 | #define CLR_BIT(REG,BIT)         (REG) &= ~(1 << (BIT))
      |                                        ~~ ^~~~~~~~~~~~~
../../../ARM/3- Video/2-  Systick/CODE/COTS/MCAL/IntCtrl/IntCtrl_prg.c(160): warning: implicit conversion changes signedness: 'int' to 'u32' (aka 'unsigned long') [-Wsign-conversion]
  160 |                            CLR_BIT ( SYSHNDCTRL_REG ,17);
      |                            ^~~~~~~~~~~~~~~~~~~~~~~~~~~~~
./COTS/LIB\BitMath.h(12): note: expanded from macro 'CLR_BIT'
   12 | #define CLR_BIT(REG,BIT)         (REG) &= ~(1 << (BIT))
      |                                        ~~ ^~~~~~~~~~~~~
../../../ARM/3- Video/2-  Systick/CODE/COTS/MCAL/IntCtrl/IntCtrl_prg.c(163): warning: implicit conversion changes signedness: 'int' to 'u32' (aka 'unsigned long') [-Wsign-conversion]
  163 |                           CLR_BIT ( SYSHNDCTRL_REG ,16);
      |                           ^~~~~~~~~~~~~~~~~~~~~~~~~~~~~
./COTS/LIB\BitMath.h(12): note: expanded from macro 'CLR_BIT'
   12 | #define CLR_BIT(REG,BIT)         (REG) &= ~(1 << (BIT))
      |                                        ~~ ^~~~~~~~~~~~~
../../../ARM/3- Video/2-  Systick/CODE/COTS/MCAL/IntCtrl/IntCtrl_prg.c(142): warning: 71 enumeration values not explicitly handled in switch: 'GPIO_Port_A_IRQ', 'GPIO_Port_B_IRQ', 'GPIO_Port_C_IRQ'... [-Wswitch-enum]
  142 |                 switch(copy_IntNum)
      |                        ^~~~~~~~~~~
../../../ARM/3- Video/2-  Systick/CODE/COTS/MCAL/IntCtrl/IntCtrl_prg.c(133): warning: unused function 'IntCtrl_DisableInterrupt' [-Wunused-function]
  133 | static void IntCtrl_DisableInterrupt(IntCtrl_InterruptType copy_IntNum)
      |             ^~~~~~~~~~~~~~~~~~~~~~~~
../../../ARM/3- Video/2-  Systick/CODE/COTS/MCAL/IntCtrl/IntCtrl_prg.c(67): warning: unsafe buffer access [-Wunsafe-buffer-usage]
   67 |                 PRI_REG[indx] = Local_u8IntPriority;
      |                 ^~~~~~~
./COTS/MCAL\Mcu_HW.h(93): note: expanded from macro 'PRI_REG'
   93 | #define PRI_REG      ((volatile u8*)(CORTEX_M4_PRI_BASE_ADDRESS+ 0x400))
      |                      ^~~~~~~~~~~~~~~~~~~~~~~~~~~~~~~~~~~~~~~~~~~~~~~~~~~
../../../ARM/3- Video/2-  Systick/CODE/COTS/MCAL/IntCtrl/IntCtrl_prg.c(73): warning: unsafe buffer access [-Wunsafe-buffer-usage]
   73 |                            SYSPRI_REG [11]= Local_u8IntPriority;
      |                            ^~~~~~~~~~
./COTS/MCAL\Mcu_HW.h(78): note: expanded from macro 'SYSPRI_REG'
   78 | #define SYSPRI_REG    ((volatile u8*)(CORTEX_M4_PRI_BASE_ADDRESS+ 0xD18))// SYSPRI1_REG
      |                       ^~~~~~~~~~~~~~~~~~~~~~~~~~~~~~~~~~~~~~~~~~~~~~~~~~~
../../../ARM/3- Video/2-  Systick/CODE/COTS/MCAL/IntCtrl/IntCtrl_prg.c(76): warning: unsafe buffer access [-Wunsafe-buffer-usage]
   76 |                            SYSPRI_REG [10]= Local_u8IntPriority;
      |                            ^~~~~~~~~~
./COTS/MCAL\Mcu_HW.h(78): note: expanded from macro 'SYSPRI_REG'
   78 | #define SYSPRI_REG    ((volatile u8*)(CORTEX_M4_PRI_BASE_ADDRESS+ 0xD18))// SYSPRI1_REG
      |                       ^~~~~~~~~~~~~~~~~~~~~~~~~~~~~~~~~~~~~~~~~~~~~~~~~~~
../../../ARM/3- Video/2-  Systick/CODE/COTS/MCAL/IntCtrl/IntCtrl_prg.c(79): warning: unsafe buffer access [-Wunsafe-buffer-usage]
   79 |                            SYSPRI_REG [8]= Local_u8IntPriority;
      |                            ^~~~~~~~~~
./COTS/MCAL\Mcu_HW.h(78): note: expanded from macro 'SYSPRI_REG'
   78 | #define SYSPRI_REG    ((volatile u8*)(CORTEX_M4_PRI_BASE_ADDRESS+ 0xD18))// SYSPRI1_REG
      |                       ^~~~~~~~~~~~~~~~~~~~~~~~~~~~~~~~~~~~~~~~~~~~~~~~~~~
../../../ARM/3- Video/2-  Systick/CODE/COTS/MCAL/IntCtrl/IntCtrl_prg.c(82): warning: unsafe buffer access [-Wunsafe-buffer-usage]
   82 |                            SYSPRI_REG [7]= Local_u8IntPriority;
      |                            ^~~~~~~~~~
./COTS/MCAL\Mcu_HW.h(78): note: expanded from macro 'SYSPRI_REG'
   78 | #define SYSPRI_REG    ((volatile u8*)(CORTEX_M4_PRI_BASE_ADDRESS+ 0xD18))// SYSPRI1_REG
      |                       ^~~~~~~~~~~~~~~~~~~~~~~~~~~~~~~~~~~~~~~~~~~~~~~~~~~
../../../ARM/3- Video/2-  Systick/CODE/COTS/MCAL/IntCtrl/IntCtrl_prg.c(85): warning: unsafe buffer access [-Wunsafe-buffer-usage]
   85 |                            SYSPRI_REG [2]= Local_u8IntPriority;
      |                            ^~~~~~~~~~
./COTS/MCAL\Mcu_HW.h(78): note: expanded from macro 'SYSPRI_REG'
   78 | #define SYSPRI_REG    ((volatile u8*)(CORTEX_M4_PRI_BASE_ADDRESS+ 0xD18))// SYSPRI1_REG
      |                       ^~~~~~~~~~~~~~~~~~~~~~~~~~~~~~~~~~~~~~~~~~~~~~~~~~~
../../../ARM/3- Video/2-  Systick/CODE/COTS/MCAL/IntCtrl/IntCtrl_prg.c(88): warning: unsafe buffer access [-Wunsafe-buffer-usage]
   88 |                            SYSPRI_REG [1]= Local_u8IntPriority;
      |                            ^~~~~~~~~~
./COTS/MCAL\Mcu_HW.h(78): note: expanded from macro 'SYSPRI_REG'
   78 | #define SYSPRI_REG    ((volatile u8*)(CORTEX_M4_PRI_BASE_ADDRESS+ 0xD18))// SYSPRI1_REG
      |                       ^~~~~~~~~~~~~~~~~~~~~~~~~~~~~~~~~~~~~~~~~~~~~~~~~~~
../../../ARM/3- Video/2-  Systick/CODE/COTS/MCAL/IntCtrl/IntCtrl_prg.c(103): warning: unsafe buffer access [-Wunsafe-buffer-usage]
  103 |                  SET_BIT(EN_REG[indx], bit_no );
      |                  ~~~~~~~~^~~~~~~~~~~~~~~~~~~~~~
./COTS/MCAL\Mcu_HW.h(90): note: expanded from macro 'EN_REG'
   90 | #define EN_REG     ((volatile u32*)(CORTEX_M4_PRI_BASE_ADDRESS+ 0x100)) // EN0-EN4
      |                    ^
./COTS/LIB\BitMath.h(11): note: expanded from macro 'SET_BIT'
   11 | #define SET_BIT(REG,BIT)         (REG) |=  (1 << (BIT))
      |                                   ^~~
../../../ARM/3- Video/2-  Systick/CODE/COTS/MCAL/IntCtrl/IntCtrl_prg.c(139): warning: unsafe buffer access [-Wunsafe-buffer-usage]
  139 |                 SET_BIT(DIS_REG[indx], bit_no );
      |                 ~~~~~~~~^~~~~~~~~~~~~~~~~~~~~~~
./COTS/MCAL\Mcu_HW.h(91): note: expanded from macro 'DIS_REG'
   91 | #define DIS_REG     ((volatile u32*)(CORTEX_M4_PRI_BASE_ADDRESS+ 0x180))//DIS0_DIS4
      |                     ^
./COTS/LIB\BitMath.h(11): note: expanded from macro 'SET_BIT'
   11 | #define SET_BIT(REG,BIT)         (REG) |=  (1 << (BIT))
      |                                   ^~~
../../../ARM/3- Video/2-  Systick/CODE/COTS/MCAL/IntCtrl/IntCtrl_prg.c(198): warning: unsafe buffer access [-Wunsafe-buffer-usage]
  198 |                 Local_IntPriority = IntCtrl_Config_Arr[i].IntCtrl_Group_Prio;
      |                                     ^~~~~~~~~~~~~~~~~~
../../../ARM/3- Video/2-  Systick/CODE/COTS/MCAL/IntCtrl/IntCtrl_prg.c(206): warning: unsafe buffer access [-Wunsafe-buffer-usage]
  206 |                 IntCtrl_SetPriority(IntCtrl_Config_Arr[i].IntCtrl_IntIndx,Local_IntPriority);   
      |                                     ^~~~~~~~~~~~~~~~~~
../../../ARM/3- Video/2-  Systick/CODE/COTS/MCAL/IntCtrl/IntCtrl_prg.c(209): warning: unsafe buffer access [-Wunsafe-buffer-usage]
  209 |                 IntCtrl_EnableInterrupt(IntCtrl_Config_Arr[i].IntCtrl_IntIndx);
      |                                         ^~~~~~~~~~~~~~~~~~
21 warnings generated.
compiling IntCtrl_prg.c...
../../../ARM/3- Video/2-  Systick/CODE/COTS/MCAL/PORT/Port_prg.c(175): warning: default label in switch which covers all enumeration values [-Wcovered-switch-default]
  175 |                 default :break;
      |                 ^
../../../ARM/3- Video/2-  Systick/CODE/COTS/MCAL/PORT/Port_prg.c(191): warning: default label in switch which covers all enumeration values [-Wcovered-switch-default]
  191 |                 default :break;
      |                 ^
../../../ARM/3- Video/2-  Systick/CODE/COTS/MCAL/PORT/Port_prg.c(207): warning: default label in switch which covers all enumeration values [-Wcovered-switch-default]
  207 |                 default :break;
      |                 ^
../../../ARM/3- Video/2-  Systick/CODE/COTS/MCAL/PORT/Port_prg.c(223): warning: default label in switch which covers all enumeration values [-Wcovered-switch-default]
  223 |                 default :break;
      |                 ^
../../../ARM/3- Video/2-  Systick/CODE/COTS/MCAL/PORT/Port_prg.c(239): warning: default label in switch which covers all enumeration values [-Wcovered-switch-default]
  239 |                 default :break;
      |                 ^
../../../ARM/3- Video/2-  Systick/CODE/COTS/MCAL/PORT/Port_prg.c(255): warning: default label in switch which covers all enumeration values [-Wcovered-switch-default]
  255 |                 default :break;
      |                 ^
../../../ARM/3- Video/2-  Systick/CODE/COTS/MCAL/PORT/Port_prg.c(277): warning: default label in switch which covers all enumeration values [-Wcovered-switch-default]
  277 |                 default :break;
      |                 ^
../../../ARM/3- Video/2-  Systick/CODE/COTS/MCAL/PORT/Port_prg.c(293): warning: default label in switch which covers all enumeration values [-Wcovered-switch-default]
  293 |                                                                         default :break;
      |                                                                         ^
../../../ARM/3- Video/2-  Systick/CODE/COTS/MCAL/PORT/Port_prg.c(309): warning: default label in switch which covers all enumeration values [-Wcovered-switch-default]
  309 |                 default :break;
      |                 ^
../../../ARM/3- Video/2-  Systick/CODE/COTS/MCAL/PORT/Port_prg.c(325): warning: default label in switch which covers all enumeration values [-Wcovered-switch-default]
  325 |                 default :break;
      |                 ^
../../../ARM/3- Video/2-  Systick/CODE/COTS/MCAL/PORT/Port_prg.c(341): warning: default label in switch which covers all enumeration values [-Wcovered-switch-default]
  341 |                 default :break;
      |                 ^
../../../ARM/3- Video/2-  Systick/CODE/COTS/MCAL/PORT/Port_prg.c(357): warning: default label in switch which covers all enumeration values [-Wcovered-switch-default]
  357 |                 default :break;
      |                 ^
../../../ARM/3- Video/2-  Systick/CODE/COTS/MCAL/PORT/Port_prg.c(71): warning: unsafe buffer access [-Wunsafe-buffer-usage]
   71 |                         Local_pin =(ConfigPtr[i].Port_PinNumber)%10 ;
      |                                     ^~~~~~~~~
../../../ARM/3- Video/2-  Systick/CODE/COTS/MCAL/PORT/Port_prg.c(72): warning: unsafe buffer access [-Wunsafe-buffer-usage]
   72 |                         Local_port =(ConfigPtr[i].Port_PinNumber)/10 ;
      |                                      ^~~~~~~~~
../../../ARM/3- Video/2-  Systick/CODE/COTS/MCAL/PORT/Port_prg.c(99): warning: unsafe buffer access [-Wunsafe-buffer-usage]
   99 |                         if(ConfigPtr[i].Port_PinDirection == PORT_PINDIR_INPUT || ConfigPtr[i].Port_PinDirection ==PORT_PINDIR_OUTPUT)
      |                            ^~~~~~~~~
../../../ARM/3- Video/2-  Systick/CODE/COTS/MCAL/PORT/Port_prg.c(99): warning: unsafe buffer access [-Wunsafe-buffer-usage]
   99 |                         if(ConfigPtr[i].Port_PinDirection == PORT_PINDIR_INPUT || ConfigPtr[i].Port_PinDirection ==PORT_PINDIR_OUTPUT)
      |                                                                                   ^~~~~~~~~
../../../ARM/3- Video/2-  Systick/CODE/COTS/MCAL/PORT/Port_prg.c(104): warning: unsafe buffer access [-Wunsafe-buffer-usage]
  104 |                                  GPIO_PORTA_BASE_ADDRESS->GPIODIR_REG |= (u32)(ConfigPtr[i].Port_PinDirection<< Local_pin);
      |                                                                                ^~~~~~~~~
../../../ARM/3- Video/2-  Systick/CODE/COTS/MCAL/PORT/Port_prg.c(107): warning: unsafe buffer access [-Wunsafe-buffer-usage]
  107 |                                  GPIO_PORTB_BASE_ADDRESS->GPIODIR_REG |= (u32)(ConfigPtr[i].Port_PinDirection << Local_pin);
      |                                                                                ^~~~~~~~~
../../../ARM/3- Video/2-  Systick/CODE/COTS/MCAL/PORT/Port_prg.c(110): warning: unsafe buffer access [-Wunsafe-buffer-usage]
  110 |                                  GPIO_PORTC_BASE_ADDRESS->GPIODIR_REG |= (u32)(ConfigPtr[i].Port_PinDirection << Local_pin);
      |                                                                                ^~~~~~~~~
../../../ARM/3- Video/2-  Systick/CODE/COTS/MCAL/PORT/Port_prg.c(113): warning: unsafe buffer access [-Wunsafe-buffer-usage]
  113 |                                 GPIO_PORTD_BASE_ADDRESS->GPIODIR_REG |= (u32)(ConfigPtr[i].Port_PinDirection << Local_pin);
      |                                                                               ^~~~~~~~~
../../../ARM/3- Video/2-  Systick/CODE/COTS/MCAL/PORT/Port_prg.c(116): warning: unsafe buffer access [-Wunsafe-buffer-usage]
  116 |                                 GPIO_PORTE_BASE_ADDRESS->GPIODIR_REG |= (u32)(ConfigPtr[i].Port_PinDirection << Local_pin);
      |                                                                               ^~~~~~~~~
../../../ARM/3- Video/2-  Systick/CODE/COTS/MCAL/PORT/Port_prg.c(119): warning: unsafe buffer access [-Wunsafe-buffer-usage]
  119 |                                 GPIO_PORTF_BASE_ADDRESS->GPIODIR_REG |= (u32)(ConfigPtr[i].Port_PinDirection << Local_pin);
      |                                                                               ^~~~~~~~~
../../../ARM/3- Video/2-  Systick/CODE/COTS/MCAL/PORT/Port_prg.c(125): warning: unsafe buffer access [-Wunsafe-buffer-usage]
  125 |         if(ConfigPtr[i].Port_PinLevelValue == PORT_PIN_LEVEL_LOW || ConfigPtr[i].Port_PinLevelValue == PORT_PIN_LEVEL_HIGH)     
      |            ^~~~~~~~~
../../../ARM/3- Video/2-  Systick/CODE/COTS/MCAL/PORT/Port_prg.c(125): warning: unsafe buffer access [-Wunsafe-buffer-usage]
  125 |         if(ConfigPtr[i].Port_PinLevelValue == PORT_PIN_LEVEL_LOW || ConfigPtr[i].Port_PinLevelValue == PORT_PIN_LEVEL_HIGH)     
      |                                                                     ^~~~~~~~~
../../../ARM/3- Video/2-  Systick/CODE/COTS/MCAL/PORT/Port_prg.c(132): warning: unsafe buffer access [-Wunsafe-buffer-usage]
  132 |                                          GPIO_PORTA_BASE_ADDRESS->GPIODATA_REG |= (u32)(ConfigPtr[i].Port_PinLevelValue<< Local_pin);
      |                                                                                         ^~~~~~~~~
../../../ARM/3- Video/2-  Systick/CODE/COTS/MCAL/PORT/Port_prg.c(136): warning: unsafe buffer access [-Wunsafe-buffer-usage]
  136 |                                          GPIO_PORTB_BASE_ADDRESS->GPIODATA_REG |= (u32)(ConfigPtr[i].Port_PinLevelValue << Local_pin);
      |                                                                                         ^~~~~~~~~
../../../ARM/3- Video/2-  Systick/CODE/COTS/MCAL/PORT/Port_prg.c(140): warning: unsafe buffer access [-Wunsafe-buffer-usage]
  140 |                                          GPIO_PORTC_BASE_ADDRESS->GPIODATA_REG |= (u32)(ConfigPtr[i].Port_PinLevelValue << Local_pin);
      |                                                                                         ^~~~~~~~~
../../../ARM/3- Video/2-  Systick/CODE/COTS/MCAL/PORT/Port_prg.c(144): warning: unsafe buffer access [-Wunsafe-buffer-usage]
  144 |                                         GPIO_PORTD_BASE_ADDRESS->GPIODATA_REG |= (u32)(ConfigPtr[i].Port_PinLevelValue << Local_pin);
      |                                                                                        ^~~~~~~~~
../../../ARM/3- Video/2-  Systick/CODE/COTS/MCAL/PORT/Port_prg.c(148): warning: unsafe buffer access [-Wunsafe-buffer-usage]
  148 |                                         GPIO_PORTE_BASE_ADDRESS->GPIODATA_REG |= (u32)(ConfigPtr[i].Port_PinLevelValue << Local_pin);
      |                                                                                        ^~~~~~~~~
../../../ARM/3- Video/2-  Systick/CODE/COTS/MCAL/PORT/Port_prg.c(152): warning: unsafe buffer access [-Wunsafe-buffer-usage]
  152 |                                         GPIO_PORTF_BASE_ADDRESS->GPIODATA_REG |= (u32)(ConfigPtr[i].Port_PinLevelValue << Local_pin);
      |                                                                                        ^~~~~~~~~
../../../ARM/3- Video/2-  Systick/CODE/COTS/MCAL/PORT/Port_prg.c(158): warning: unsafe buffer access [-Wunsafe-buffer-usage]
  158 |                                         if( ConfigPtr[i].Port_PinOutputCurrent<= PORT_8_mA )
      |                                             ^~~~~~~~~
../../../ARM/3- Video/2-  Systick/CODE/COTS/MCAL/PORT/Port_prg.c(164): warning: unsafe buffer access [-Wunsafe-buffer-usage]
  164 |                                                   switch(ConfigPtr[i].Port_PinOutputCurrent)  
      |                                                          ^~~~~~~~~
../../../ARM/3- Video/2-  Systick/CODE/COTS/MCAL/PORT/Port_prg.c(180): warning: unsafe buffer access [-Wunsafe-buffer-usage]
  180 |                                                  switch(ConfigPtr[i].Port_PinOutputCurrent)
      |                                                         ^~~~~~~~~
../../../ARM/3- Video/2-  Systick/CODE/COTS/MCAL/PORT/Port_prg.c(196): warning: unsafe buffer access [-Wunsafe-buffer-usage]
  196 |                                                  switch(ConfigPtr[i].Port_PinOutputCurrent)
      |                                                         ^~~~~~~~~
../../../ARM/3- Video/2-  Systick/CODE/COTS/MCAL/PORT/Port_prg.c(212): warning: unsafe buffer access [-Wunsafe-buffer-usage]
  212 |                                                 switch(ConfigPtr[i].Port_PinOutputCurrent)
      |                                                        ^~~~~~~~~
../../../ARM/3- Video/2-  Systick/CODE/COTS/MCAL/PORT/Port_prg.c(228): warning: unsafe buffer access [-Wunsafe-buffer-usage]
  228 |                                                 switch(ConfigPtr[i].Port_PinOutputCurrent)
      |                                                        ^~~~~~~~~
../../../ARM/3- Video/2-  Systick/CODE/COTS/MCAL/PORT/Port_prg.c(244): warning: unsafe buffer access [-Wunsafe-buffer-usage]
  244 |                                                 switch(ConfigPtr[i].Port_PinOutputCurrent)
      |                                                        ^~~~~~~~~
../../../ARM/3- Video/2-  Systick/CODE/COTS/MCAL/PORT/Port_prg.c(266): warning: unsafe buffer access [-Wunsafe-buffer-usage]
  266 |                                                         switch(ConfigPtr[i].Port_PinInternalAttach)
      |                                                                ^~~~~~~~~
../../../ARM/3- Video/2-  Systick/CODE/COTS/MCAL/PORT/Port_prg.c(282): warning: unsafe buffer access [-Wunsafe-buffer-usage]
  282 |                                                          switch(ConfigPtr[i].Port_PinInternalAttach)
      |                                                                 ^~~~~~~~~
../../../ARM/3- Video/2-  Systick/CODE/COTS/MCAL/PORT/Port_prg.c(298): warning: unsafe buffer access [-Wunsafe-buffer-usage]
  298 |                                                          switch(ConfigPtr[i].Port_PinInternalAttach)
      |                                                                 ^~~~~~~~~
../../../ARM/3- Video/2-  Systick/CODE/COTS/MCAL/PORT/Port_prg.c(314): warning: unsafe buffer access [-Wunsafe-buffer-usage]
  314 |                                                         switch(ConfigPtr[i].Port_PinInternalAttach)
      |                                                                ^~~~~~~~~
../../../ARM/3- Video/2-  Systick/CODE/COTS/MCAL/PORT/Port_prg.c(330): warning: unsafe buffer access [-Wunsafe-buffer-usage]
  330 |                                                         switch(ConfigPtr[i].Port_PinInternalAttach)
      |                                                                ^~~~~~~~~
../../../ARM/3- Video/2-  Systick/CODE/COTS/MCAL/PORT/Port_prg.c(346): warning: unsafe buffer access [-Wunsafe-buffer-usage]
  346 |                                                         switch(ConfigPtr[i].Port_PinInternalAttach)
      |                                                                ^~~~~~~~~
../../../ARM/3- Video/2-  Systick/CODE/COTS/MCAL/PORT/Port_prg.c(365): warning: unsafe buffer access [-Wunsafe-buffer-usage]
  365 |                                                 if(ConfigPtr[i].Port_PinMode == PORT_PINMODE_DEN)// digital Mode
      |                                                    ^~~~~~~~~
44 warnings generated.
compiling Port_prg.c...
../../../ARM/3- Video/2-  Systick/CODE/COTS/MCAL/Systick/Systick_prg.c(62): warning: no previous prototype for function 'SysTick_Handler' [-Wmissing-prototypes]
   62 | void SysTick_Handler (void) {
      |      ^
../../../ARM/3- Video/2-  Systick/CODE/COTS/MCAL/Systick/Systick_prg.c(62): note: declare 'static' if the function is not intended to be used outside of this translation unit
   62 | void SysTick_Handler (void) {
      | ^
      | static 
1 warning generated.
compiling Systick_prg.c...
../../../ARM/3- Video/2-  Systick/CODE/COTS/CONFIG/IntCtrl_Lcfg.c(15): warning: In file included from...
./COTS/MCAL/IntCtrl/Inc\IntCtrl_types.h(15): warning: non-portable path to file '"Std_Types.h"'; specified path differs in case from file name on disk [-Wnonportable-include-path]
   15 | #include "std_types.h"
      |          ^~~~~~~~~~~~~
      |          "Std_Types.h"
../../../ARM/3- Video/2-  Systick/CODE/COTS/CONFIG/IntCtrl_Lcfg.c(29): warning: no previous extern declaration for non-static variable 'IntCtrl_Config_Arr' [-Wmissing-variable-declarations]
   29 | const IntCtrl_ConfigType  IntCtrl_Config_Arr[INTCTRL_CONFIG_ARR_SIZE] = {{Bit_Timer_0A_32_64_IRQ, 1,0},{SysTick_IRQ,1,0}};                                                                      
      |                           ^
../../../ARM/3- Video/2-  Systick/CODE/COTS/CONFIG/IntCtrl_Lcfg.c(29): note: declare 'static' if the variable is not intended to be used outside of this translation unit
   29 | const IntCtrl_ConfigType  IntCtrl_Config_Arr[INTCTRL_CONFIG_ARR_SIZE] = {{Bit_Timer_0A_32_64_IRQ, 1,0},{SysTick_IRQ,1,0}};                                                                      
      |       ^
2 warnings generated.
compiling IntCtrl_Lcfg.c...
../../../ARM/3- Video/2-  Systick/CODE/COTS/CONFIG/Port_Lcfg.c(31): warning: no previous extern declaration for non-static variable 'PORT_Config_Arr' [-Wmissing-variable-declarations]
   31 | const Port_ConfigType PORT_Config_Arr[PORT_PINS_CONFIG_ARR_SIZE]= {
      |                       ^
../../../ARM/3- Video/2-  Systick/CODE/COTS/CONFIG/Port_Lcfg.c(31): note: declare 'static' if the variable is not intended to be used outside of this translation unit
   31 | const Port_ConfigType PORT_Config_Arr[PORT_PINS_CONFIG_ARR_SIZE]= {
      |       ^
../../../ARM/3- Video/2-  Systick/CODE/COTS/CONFIG/Port_Lcfg.c(64): warning: no newline at end of file [-Wnewline-eof]
   64 |                                                                                                  
      |                                                                                                  ^
2 warnings generated.
compiling Port_Lcfg.c...
assembling startup_TM4C123.s...
RTE/Device/TM4C123GH6PM/system_TM4C123.c(13): warning: In file included from...
C:/Users/seif/AppData/Local/Arm/Packs/Keil/TM4C_DFP/1.1.0/Device/Include/TM4C123\TM4C123.h(98): warning: In file included from...
C:/Users/seif/AppData/Local/Arm/Packs/Keil/TM4C_DFP/1.1.0/Device/Include/TM4C123/TM4C123GH6PM.h(298): warning: anonymous unions are a C11 extension [-Wc11-extensions]
  298 |   union {
      |   ^
C:/Users/seif/AppData/Local/Arm/Packs/Keil/TM4C_DFP/1.1.0/Device/Include/TM4C123/TM4C123GH6PM.h(338): warning: anonymous unions are a C11 extension [-Wc11-extensions]
  338 |   union {
      |   ^
C:/Users/seif/AppData/Local/Arm/Packs/Keil/TM4C_DFP/1.1.0/Device/Include/TM4C123/TM4C123GH6PM.h(357): warning: anonymous unions are a C11 extension [-Wc11-extensions]
  357 |   union {
      |   ^
C:/Users/seif/AppData/Local/Arm/Packs/Keil/TM4C_DFP/1.1.0/Device/Include/TM4C123/TM4C123GH6PM.h(713): warning: anonymous unions are a C11 extension [-Wc11-extensions]
  713 |   union {
      |   ^
C:/Users/seif/AppData/Local/Arm/Packs/Keil/TM4C_DFP/1.1.0/Device/Include/TM4C123/TM4C123GH6PM.h(729): warning: anonymous unions are a C11 extension [-Wc11-extensions]
  729 |   union {
      |   ^
C:/Users/seif/AppData/Local/Arm/Packs/Keil/TM4C_DFP/1.1.0/Device/Include/TM4C123/TM4C123GH6PM.h(774): warning: anonymous unions are a C11 extension [-Wc11-extensions]
  774 |   union {
      |   ^
C:/Users/seif/AppData/Local/Arm/Packs/Keil/TM4C_DFP/1.1.0/Device/Include/TM4C123/TM4C123GH6PM.h(779): warning: anonymous unions are a C11 extension [-Wc11-extensions]
  779 |   union {
      |   ^
C:/Users/seif/AppData/Local/Arm/Packs/Keil/TM4C_DFP/1.1.0/Device/Include/TM4C123/TM4C123GH6PM.h(872): warning: anonymous unions are a C11 extension [-Wc11-extensions]
  872 |   union {
      |   ^
C:/Users/seif/AppData/Local/Arm/Packs/Keil/TM4C_DFP/1.1.0/Device/Include/TM4C123/TM4C123GH6PM.h(885): warning: anonymous unions are a C11 extension [-Wc11-extensions]
  885 |   union {
      |   ^
C:/Users/seif/AppData/Local/Arm/Packs/Keil/TM4C_DFP/1.1.0/Device/Include/TM4C123/TM4C123GH6PM.h(892): warning: anonymous unions are a C11 extension [-Wc11-extensions]
  892 |   union {
      |   ^
C:/Users/seif/AppData/Local/Arm/Packs/Keil/TM4C_DFP/1.1.0/Device/Include/TM4C123/TM4C123GH6PM.h(897): warning: anonymous unions are a C11 extension [-Wc11-extensions]
  897 |   union {
      |   ^
C:/Users/seif/AppData/Local/Arm/Packs/Keil/TM4C_DFP/1.1.0/Device/Include/TM4C123/TM4C123GH6PM.h(904): warning: anonymous unions are a C11 extension [-Wc11-extensions]
  904 |   union {
      |   ^
C:/Users/seif/AppData/Local/Arm/Packs/Keil/TM4C_DFP/1.1.0/Device/Include/TM4C123/TM4C123GH6PM.h(910): warning: anonymous unions are a C11 extension [-Wc11-extensions]
  910 |   union {
      |   ^
C:/Users/seif/AppData/Local/Arm/Packs/Keil/TM4C_DFP/1.1.0/Device/Include/TM4C123/TM4C123GH6PM.h(917): warning: anonymous unions are a C11 extension [-Wc11-extensions]
  917 |   union {
      |   ^
C:/Users/seif/AppData/Local/Arm/Packs/Keil/TM4C_DFP/1.1.0/Device/Include/TM4C123/TM4C123GH6PM.h(924): warning: anonymous unions are a C11 extension [-Wc11-extensions]
  924 |   union {
      |   ^
C:/Users/seif/AppData/Local/Arm/Packs/Keil/TM4C_DFP/1.1.0/Device/Include/TM4C123/TM4C123GH6PM.h(929): warning: anonymous unions are a C11 extension [-Wc11-extensions]
  929 |   union {
      |   ^
C:/Users/seif/AppData/Local/Arm/Packs/Keil/TM4C_DFP/1.1.0/Device/Include/TM4C123/TM4C123GH6PM.h(936): warning: anonymous unions are a C11 extension [-Wc11-extensions]
  936 |   union {
      |   ^
C:/Users/seif/AppData/Local/Arm/Packs/Keil/TM4C_DFP/1.1.0/Device/Include/TM4C123/TM4C123GH6PM.h(942): warning: anonymous unions are a C11 extension [-Wc11-extensions]
  942 |   union {
      |   ^
C:/Users/seif/AppData/Local/Arm/Packs/Keil/TM4C_DFP/1.1.0/Device/Include/TM4C123/TM4C123GH6PM.h(949): warning: anonymous unions are a C11 extension [-Wc11-extensions]
  949 |   union {
      |   ^
C:/Users/seif/AppData/Local/Arm/Packs/Keil/TM4C_DFP/1.1.0/Device/Include/TM4C123/TM4C123GH6PM.h(956): warning: anonymous unions are a C11 extension [-Wc11-extensions]
  956 |   union {
      |   ^
C:/Users/seif/AppData/Local/Arm/Packs/Keil/TM4C_DFP/1.1.0/Device/Include/TM4C123/TM4C123GH6PM.h(961): warning: anonymous unions are a C11 extension [-Wc11-extensions]
  961 |   union {
      |   ^
C:/Users/seif/AppData/Local/Arm/Packs/Keil/TM4C_DFP/1.1.0/Device/Include/TM4C123/TM4C123GH6PM.h(968): warning: anonymous unions are a C11 extension [-Wc11-extensions]
  968 |   union {
      |   ^
C:/Users/seif/AppData/Local/Arm/Packs/Keil/TM4C_DFP/1.1.0/Device/Include/TM4C123/TM4C123GH6PM.h(974): warning: anonymous unions are a C11 extension [-Wc11-extensions]
  974 |   union {
      |   ^
C:/Users/seif/AppData/Local/Arm/Packs/Keil/TM4C_DFP/1.1.0/Device/Include/TM4C123/TM4C123GH6PM.h(981): warning: anonymous unions are a C11 extension [-Wc11-extensions]
  981 |   union {
      |   ^
C:/Users/seif/AppData/Local/Arm/Packs/Keil/TM4C_DFP/1.1.0/Device/Include/TM4C123/TM4C123GH6PM.h(988): warning: anonymous unions are a C11 extension [-Wc11-extensions]
  988 |   union {
      |   ^
C:/Users/seif/AppData/Local/Arm/Packs/Keil/TM4C_DFP/1.1.0/Device/Include/TM4C123/TM4C123GH6PM.h(993): warning: anonymous unions are a C11 extension [-Wc11-extensions]
  993 |   union {
      |   ^
C:/Users/seif/AppData/Local/Arm/Packs/Keil/TM4C_DFP/1.1.0/Device/Include/TM4C123/TM4C123GH6PM.h(1000): warning: anonymous unions are a C11 extension [-Wc11-extensions]
 1000 |   union {
      |   ^
C:/Users/seif/AppData/Local/Arm/Packs/Keil/TM4C_DFP/1.1.0/Device/Include/TM4C123/TM4C123GH6PM.h(1006): warning: anonymous unions are a C11 extension [-Wc11-extensions]
 1006 |   union {
      |   ^
C:/Users/seif/AppData/Local/Arm/Packs/Keil/TM4C_DFP/1.1.0/Device/Include/TM4C123/TM4C123GH6PM.h(1013): warning: anonymous unions are a C11 extension [-Wc11-extensions]
 1013 |   union {
      |   ^
C:/Users/seif/AppData/Local/Arm/Packs/Keil/TM4C_DFP/1.1.0/Device/Include/TM4C123/TM4C123GH6PM.h(1020): warning: anonymous unions are a C11 extension [-Wc11-extensions]
 1020 |   union {
      |   ^
C:/Users/seif/AppData/Local/Arm/Packs/Keil/TM4C_DFP/1.1.0/Device/Include/TM4C123/TM4C123GH6PM.h(1025): warning: anonymous unions are a C11 extension [-Wc11-extensions]
 1025 |   union {
      |   ^
C:/Users/seif/AppData/Local/Arm/Packs/Keil/TM4C_DFP/1.1.0/Device/Include/TM4C123/TM4C123GH6PM.h(1032): warning: anonymous unions are a C11 extension [-Wc11-extensions]
 1032 |   union {
      |   ^
C:/Users/seif/AppData/Local/Arm/Packs/Keil/TM4C_DFP/1.1.0/Device/Include/TM4C123/TM4C123GH6PM.h(1038): warning: anonymous unions are a C11 extension [-Wc11-extensions]
 1038 |   union {
      |   ^
C:/Users/seif/AppData/Local/Arm/Packs/Keil/TM4C_DFP/1.1.0/Device/Include/TM4C123/TM4C123GH6PM.h(1045): warning: anonymous unions are a C11 extension [-Wc11-extensions]
 1045 |   union {
      |   ^
C:/Users/seif/AppData/Local/Arm/Packs/Keil/TM4C_DFP/1.1.0/Device/Include/TM4C123/TM4C123GH6PM.h(1052): warning: anonymous unions are a C11 extension [-Wc11-extensions]
 1052 |   union {
      |   ^
C:/Users/seif/AppData/Local/Arm/Packs/Keil/TM4C_DFP/1.1.0/Device/Include/TM4C123/TM4C123GH6PM.h(1057): warning: anonymous unions are a C11 extension [-Wc11-extensions]
 1057 |   union {
      |   ^
C:/Users/seif/AppData/Local/Arm/Packs/Keil/TM4C_DFP/1.1.0/Device/Include/TM4C123/TM4C123GH6PM.h(1064): warning: anonymous unions are a C11 extension [-Wc11-extensions]
 1064 |   union {
      |   ^
C:/Users/seif/AppData/Local/Arm/Packs/Keil/TM4C_DFP/1.1.0/Device/Include/TM4C123/TM4C123GH6PM.h(1070): warning: anonymous unions are a C11 extension [-Wc11-extensions]
 1070 |   union {
      |   ^
C:/Users/seif/AppData/Local/Arm/Packs/Keil/TM4C_DFP/1.1.0/Device/Include/TM4C123/TM4C123GH6PM.h(1077): warning: anonymous unions are a C11 extension [-Wc11-extensions]
 1077 |   union {
      |   ^
C:/Users/seif/AppData/Local/Arm/Packs/Keil/TM4C_DFP/1.1.0/Device/Include/TM4C123/TM4C123GH6PM.h(1084): warning: anonymous unions are a C11 extension [-Wc11-extensions]
 1084 |   union {
      |   ^
C:/Users/seif/AppData/Local/Arm/Packs/Keil/TM4C_DFP/1.1.0/Device/Include/TM4C123/TM4C123GH6PM.h(1089): warning: anonymous unions are a C11 extension [-Wc11-extensions]
 1089 |   union {
      |   ^
C:/Users/seif/AppData/Local/Arm/Packs/Keil/TM4C_DFP/1.1.0/Device/Include/TM4C123/TM4C123GH6PM.h(1096): warning: anonymous unions are a C11 extension [-Wc11-extensions]
 1096 |   union {
      |   ^
C:/Users/seif/AppData/Local/Arm/Packs/Keil/TM4C_DFP/1.1.0/Device/Include/TM4C123/TM4C123GH6PM.h(1102): warning: anonymous unions are a C11 extension [-Wc11-extensions]
 1102 |   union {
      |   ^
C:/Users/seif/AppData/Local/Arm/Packs/Keil/TM4C_DFP/1.1.0/Device/Include/TM4C123/TM4C123GH6PM.h(1251): warning: anonymous unions are a C11 extension [-Wc11-extensions]
 1251 |   union {
      |   ^
44 warnings generated.
compiling system_TM4C123.c...
linking...
Program Size: Code=4794 RO-data=682 RW-data=28 ZI-data=616  
".\Objects\SimpleSchedularOS_TM4C123GH6PM.axf" - 0 Error(s), 130 Warning(s).

<h2>Software Packages used:</h2>

Package Vendor: ARM
                http://www.keil.com/pack/ARM.CMSIS.5.9.0.pack
                ARM::CMSIS@5.9.0
                CMSIS (Common Microcontroller Software Interface Standard)
   * Component: CORE Version: 5.6.0

Package Vendor: Keil
                http://www.keil.com/pack/Keil.TM4C_DFP.1.1.0.pack
                Keil::TM4C_DFP@1.1.0
                Texas Instruments Tiva C Series Device Support and Examples
   * Component: Startup Version: 1.0.1

<h2>Collection of Component include folders:</h2>
  ./RTE/_Target_1
  C:/Users/seif/AppData/Local/Arm/Packs/ARM/CMSIS/5.9.0/CMSIS/Core/Include
  C:/Users/seif/AppData/Local/Arm/Packs/Keil/TM4C_DFP/1.1.0/Device/Include/TM4C123

<h2>Collection of Component Files used:</h2>

   * Component: ARM::CMSIS:CORE@5.6.0

   * Component: Keil::Device:Startup@1.0.1
      Source file:   Device/Source/system_TM4C123.c
      Include file:  Device/Include/TM4C123/TM4C123.h
      Source file:   Device/Source/ARM/startup_TM4C123.s
Build Time Elapsed:  00:00:06
</pre>
</body>
</html>
